🚀 Starting MoneyPrinterV2 on http://127.0.0.1:8000
<frozen importlib._bootstrap>:491: RuntimeWarning: The global interpreter lock (GIL) has been enabled to load module 'httptools.parser.parser', which has not declared that it can run safely without the GIL. To override this behavior and keep the GIL disabled (at your own risk), run with PYTHON_GIL=0 or -Xgil=0.
INFO:     Started server process [698373]
INFO:     Waiting for application startup.
INFO:     Application startup complete.
INFO:     Uvicorn running on http://127.0.0.1:8000 (Press CTRL+C to quit)
ℹ️ Database initialized successfully
ℹ️ Imported config to database
ℹ️ Retrieved 12 accounts
INFO:     127.0.0.1:49460 - "GET /api/accounts HTTP/1.1" 500 Internal Server Error
ERROR:    Exception in ASGI application
Traceback (most recent call last):
  File "/home/anon/.asdf/installs/python/3.14.3t/lib/python3.14t/site-packages/uvicorn/protocols/http/httptools_impl.py", line 416, in run_asgi
    result = await app(  # type: ignore[func-returns-value]
             ^^^^^^^^^^^^^^^^^^^^^^^^^^^^^^^^^^^^^^^^^^^^^^
        self.scope, self.receive, self.send
        ^^^^^^^^^^^^^^^^^^^^^^^^^^^^^^^^^^^
    )
    ^
  File "/home/anon/.asdf/installs/python/3.14.3t/lib/python3.14t/site-packages/uvicorn/middleware/proxy_headers.py", line 60, in __call__
    return await self.app(scope, receive, send)
           ^^^^^^^^^^^^^^^^^^^^^^^^^^^^^^^^^^^^
  File "/home/anon/.asdf/installs/python/3.14.3t/lib/python3.14t/site-packages/fastapi/applications.py", line 1159, in __call__
    await super().__call__(scope, receive, send)
  File "/home/anon/.asdf/installs/python/3.14.3t/lib/python3.14t/site-packages/starlette/applications.py", line 90, in __call__
    await self.middleware_stack(scope, receive, send)
  File "/home/anon/.asdf/installs/python/3.14.3t/lib/python3.14t/site-packages/starlette/middleware/errors.py", line 186, in __call__
    raise exc
  File "/home/anon/.asdf/installs/python/3.14.3t/lib/python3.14t/site-packages/starlette/middleware/errors.py", line 164, in __call__
    await self.app(scope, receive, _send)
  File "/home/anon/.asdf/installs/python/3.14.3t/lib/python3.14t/site-packages/starlette/middleware/cors.py", line 88, in __call__
    await self.app(scope, receive, send)
  File "/home/anon/.asdf/installs/python/3.14.3t/lib/python3.14t/site-packages/starlette/middleware/exceptions.py", line 63, in __call__
    await wrap_app_handling_exceptions(self.app, conn)(scope, receive, send)
  File "/home/anon/.asdf/installs/python/3.14.3t/lib/python3.14t/site-packages/starlette/_exception_handler.py", line 53, in wrapped_app
    raise exc
  File "/home/anon/.asdf/installs/python/3.14.3t/lib/python3.14t/site-packages/starlette/_exception_handler.py", line 42, in wrapped_app
    await app(scope, receive, sender)
  File "/home/anon/.asdf/installs/python/3.14.3t/lib/python3.14t/site-packages/fastapi/middleware/asyncexitstack.py", line 18, in __call__
    await self.app(scope, receive, send)
  File "/home/anon/.asdf/installs/python/3.14.3t/lib/python3.14t/site-packages/starlette/routing.py", line 660, in __call__
    await self.middleware_stack(scope, receive, send)
  File "/home/anon/.asdf/installs/python/3.14.3t/lib/python3.14t/site-packages/starlette/routing.py", line 680, in app
    await route.handle(scope, receive, send)
  File "/home/anon/.asdf/installs/python/3.14.3t/lib/python3.14t/site-packages/starlette/routing.py", line 276, in handle
    await self.app(scope, receive, send)
  File "/home/anon/.asdf/installs/python/3.14.3t/lib/python3.14t/site-packages/fastapi/routing.py", line 134, in app
    await wrap_app_handling_exceptions(app, request)(scope, receive, send)
  File "/home/anon/.asdf/installs/python/3.14.3t/lib/python3.14t/site-packages/starlette/_exception_handler.py", line 53, in wrapped_app
    raise exc
  File "/home/anon/.asdf/installs/python/3.14.3t/lib/python3.14t/site-packages/starlette/_exception_handler.py", line 42, in wrapped_app
    await app(scope, receive, sender)
  File "/home/anon/.asdf/installs/python/3.14.3t/lib/python3.14t/site-packages/fastapi/routing.py", line 120, in app
    response = await f(request)
               ^^^^^^^^^^^^^^^^
  File "/home/anon/.asdf/installs/python/3.14.3t/lib/python3.14t/site-packages/fastapi/routing.py", line 674, in app
    raw_response = await run_endpoint_function(
                   ^^^^^^^^^^^^^^^^^^^^^^^^^^^^
    ...<3 lines>...
    )
    ^
  File "/home/anon/.asdf/installs/python/3.14.3t/lib/python3.14t/site-packages/fastapi/routing.py", line 328, in run_endpoint_function
    return await dependant.call(**values)
           ^^^^^^^^^^^^^^^^^^^^^^^^^^^^^^
  File "/home/anon/Projects/experiment/MoneyPrinterV2/api/routers/accounts.py", line 33, in list_accounts
    for a in result
             ^^^^^^
NameError: name 'result' is not defined
INFO:     Shutting down
INFO:     Waiting for application shutdown.
INFO:     Application shutdown complete.
INFO:     Finished server process [698373]
